C:\Program Files\dotnet\sdk\10.0.300\Microsoft.Common.CurrentVersion.targets(5397,5): warning MSB3026: não foi possível copiar "C:\Users\Usuario\Desktop\OneTake\petcenter\apps\backend\Api\obj\Debug\net10.0\apphost.exe" para "bin\Debug\net10.0\Api.exe". Iniciando nova tentativa 1 em 1000ms. The process cannot access the file 'C:\Users\Usuario\Desktop\OneTake\petcenter\apps\backend\Api\bin\Debug\net10.0\Api.exe' because it is being used by another process. O arquivo é bloqueado por: "Api (25040)" [C:\Users\Usuario\Desktop\OneTake\petcenter\apps\backend\Api\Api.csproj]
C:\Program Files\dotnet\sdk\10.0.300\Microsoft.Common.CurrentVersion.targets(5397,5): warning MSB3026: não foi possível copiar "C:\Users\Usuario\Desktop\OneTake\petcenter\apps\backend\Api\obj\Debug\net10.0\apphost.exe" para "bin\Debug\net10.0\Api.exe". Iniciando nova tentativa 2 em 1000ms. The process cannot access the file 'C:\Users\Usuario\Desktop\OneTake\petcenter\apps\backend\Api\bin\Debug\net10.0\Api.exe' because it is being used by another process. O arquivo é bloqueado por: "Api (25040)" [C:\Users\Usuario\Desktop\OneTake\petcenter\apps\backend\Api\Api.csproj]
C:\Program Files\dotnet\sdk\10.0.300\Microsoft.Common.CurrentVersion.targets(5397,5): warning MSB3026: não foi possível copiar "C:\Users\Usuario\Desktop\OneTake\petcenter\apps\backend\Api\obj\Debug\net10.0\apphost.exe" para "bin\Debug\net10.0\Api.exe". Iniciando nova tentativa 3 em 1000ms. The process cannot access the file 'C:\Users\Usuario\Desktop\OneTake\petcenter\apps\backend\Api\bin\Debug\net10.0\Api.exe' because it is being used by another process. O arquivo é bloqueado por: "Api (25040)" [C:\Users\Usuario\Desktop\OneTake\petcenter\apps\backend\Api\Api.csproj]
C:\Program Files\dotnet\sdk\10.0.300\Microsoft.Common.CurrentVersion.targets(5397,5): warning MSB3026: não foi possível copiar "C:\Users\Usuario\Desktop\OneTake\petcenter\apps\backend\Api\obj\Debug\net10.0\apphost.exe" para "bin\Debug\net10.0\Api.exe". Iniciando nova tentativa 4 em 1000ms. The process cannot access the file 'C:\Users\Usuario\Desktop\OneTake\petcenter\apps\backend\Api\bin\Debug\net10.0\Api.exe' because it is being used by another process. O arquivo é bloqueado por: "Api (25040)" [C:\Users\Usuario\Desktop\OneTake\petcenter\apps\backend\Api\Api.csproj]
C:\Program Files\dotnet\sdk\10.0.300\Microsoft.Common.CurrentVersion.targets(5397,5): warning MSB3026: não foi possível copiar "C:\Users\Usuario\Desktop\OneTake\petcenter\apps\backend\Api\obj\Debug\net10.0\apphost.exe" para "bin\Debug\net10.0\Api.exe". Iniciando nova tentativa 5 em 1000ms. The process cannot access the file 'C:\Users\Usuario\Desktop\OneTake\petcenter\apps\backend\Api\bin\Debug\net10.0\Api.exe' because it is being used by another process. O arquivo é bloqueado por: "Api (25040)" [C:\Users\Usuario\Desktop\OneTake\petcenter\apps\backend\Api\Api.csproj]
C:\Program Files\dotnet\sdk\10.0.300\Microsoft.Common.CurrentVersion.targets(5397,5): warning MSB3026: não foi possível copiar "C:\Users\Usuario\Desktop\OneTake\petcenter\apps\backend\Api\obj\Debug\net10.0\apphost.exe" para "bin\Debug\net10.0\Api.exe". Iniciando nova tentativa 6 em 1000ms. The process cannot access the file 'C:\Users\Usuario\Desktop\OneTake\petcenter\apps\backend\Api\bin\Debug\net10.0\Api.exe' because it is being used by another process. O arquivo é bloqueado por: "Api (25040)" [C:\Users\Usuario\Desktop\OneTake\petcenter\apps\backend\Api\Api.csproj]
C:\Program Files\dotnet\sdk\10.0.300\Microsoft.Common.CurrentVersion.targets(5397,5): warning MSB3026: não foi possível copiar "C:\Users\Usuario\Desktop\OneTake\petcenter\apps\backend\Api\obj\Debug\net10.0\apphost.exe" para "bin\Debug\net10.0\Api.exe". Iniciando nova tentativa 7 em 1000ms. The process cannot access the file 'C:\Users\Usuario\Desktop\OneTake\petcenter\apps\backend\Api\bin\Debug\net10.0\Api.exe' because it is being used by another process. O arquivo é bloqueado por: "Api (25040)" [C:\Users\Usuario\Desktop\OneTake\petcenter\apps\backend\Api\Api.csproj]
C:\Program Files\dotnet\sdk\10.0.300\Microsoft.Common.CurrentVersion.targets(5397,5): warning MSB3026: não foi possível copiar "C:\Users\Usuario\Desktop\OneTake\petcenter\apps\backend\Api\obj\Debug\net10.0\apphost.exe" para "bin\Debug\net10.0\Api.exe". Iniciando nova tentativa 8 em 1000ms. The process cannot access the file 'C:\Users\Usuario\Desktop\OneTake\petcenter\apps\backend\Api\bin\Debug\net10.0\Api.exe' because it is being used by another process. O arquivo é bloqueado por: "Api (25040)" [C:\Users\Usuario\Desktop\OneTake\petcenter\apps\backend\Api\Api.csproj]
C:\Program Files\dotnet\sdk\10.0.300\Microsoft.Common.CurrentVersion.targets(5397,5): warning MSB3026: não foi possível copiar "C:\Users\Usuario\Desktop\OneTake\petcenter\apps\backend\Api\obj\Debug\net10.0\apphost.exe" para "bin\Debug\net10.0\Api.exe". Iniciando nova tentativa 9 em 1000ms. The process cannot access the file 'C:\Users\Usuario\Desktop\OneTake\petcenter\apps\backend\Api\bin\Debug\net10.0\Api.exe' because it is being used by another process. O arquivo é bloqueado por: "Api (25040)" [C:\Users\Usuario\Desktop\OneTake\petcenter\apps\backend\Api\Api.csproj]
C:\Program Files\dotnet\sdk\10.0.300\Microsoft.Common.CurrentVersion.targets(5397,5): warning MSB3026: não foi possível copiar "C:\Users\Usuario\Desktop\OneTake\petcenter\apps\backend\Api\obj\Debug\net10.0\apphost.exe" para "bin\Debug\net10.0\Api.exe". Iniciando nova tentativa 10 em 1000ms. The process cannot access the file 'C:\Users\Usuario\Desktop\OneTake\petcenter\apps\backend\Api\bin\Debug\net10.0\Api.exe' because it is being used by another process. O arquivo é bloqueado por: "Api (25040)" [C:\Users\Usuario\Desktop\OneTake\petcenter\apps\backend\Api\Api.csproj]
C:\Program Files\dotnet\sdk\10.0.300\Microsoft.Common.CurrentVersion.targets(5397,5): error MSB3027: não foi possível copiar "C:\Users\Usuario\Desktop\OneTake\petcenter\apps\backend\Api\obj\Debug\net10.0\apphost.exe" para "bin\Debug\net10.0\Api.exe". Número de novas tentativas 10 excedido. Falha. O arquivo é bloqueado por: "Api (25040)" [C:\Users\Usuario\Desktop\OneTake\petcenter\apps\backend\Api\Api.csproj]
C:\Program Files\dotnet\sdk\10.0.300\Microsoft.Common.CurrentVersion.targets(5397,5): error MSB3021: Não é possível copiar o arquivo "C:\Users\Usuario\Desktop\OneTake\petcenter\apps\backend\Api\obj\Debug\net10.0\apphost.exe" para "bin\Debug\net10.0\Api.exe". The process cannot access the file 'C:\Users\Usuario\Desktop\OneTake\petcenter\apps\backend\Api\bin\Debug\net10.0\Api.exe' because it is being used by another process. [C:\Users\Usuario\Desktop\OneTake\petcenter\apps\backend\Api\Api.csproj]

FALHA da compilação.

C:\Program Files\dotnet\sdk\10.0.300\Microsoft.Common.CurrentVersion.targets(5397,5): warning MSB3026: não foi possível copiar "C:\Users\Usuario\Desktop\OneTake\petcenter\apps\backend\Api\obj\Debug\net10.0\apphost.exe" para "bin\Debug\net10.0\Api.exe". Iniciando nova tentativa 1 em 1000ms. The process cannot access the file 'C:\Users\Usuario\Desktop\OneTake\petcenter\apps\backend\Api\bin\Debug\net10.0\Api.exe' because it is being used by another process. O arquivo é bloqueado por: "Api (25040)" [C:\Users\Usuario\Desktop\OneTake\petcenter\apps\backend\Api\Api.csproj]
C:\Program Files\dotnet\sdk\10.0.300\Microsoft.Common.CurrentVersion.targets(5397,5): warning MSB3026: não foi possível copiar "C:\Users\Usuario\Desktop\OneTake\petcenter\apps\backend\Api\obj\Debug\net10.0\apphost.exe" para "bin\Debug\net10.0\Api.exe". Iniciando nova tentativa 2 em 1000ms. The process cannot access the file 'C:\Users\Usuario\Desktop\OneTake\petcenter\apps\backend\Api\bin\Debug\net10.0\Api.exe' because it is being used by another process. O arquivo é bloqueado por: "Api (25040)" [C:\Users\Usuario\Desktop\OneTake\petcenter\apps\backend\Api\Api.csproj]
C:\Program Files\dotnet\sdk\10.0.300\Microsoft.Common.CurrentVersion.targets(5397,5): warning MSB3026: não foi possível copiar "C:\Users\Usuario\Desktop\OneTake\petcenter\apps\backend\Api\obj\Debug\net10.0\apphost.exe" para "bin\Debug\net10.0\Api.exe". Iniciando nova tentativa 3 em 1000ms. The process cannot access the file 'C:\Users\Usuario\Desktop\OneTake\petcenter\apps\backend\Api\bin\Debug\net10.0\Api.exe' because it is being used by another process. O arquivo é bloqueado por: "Api (25040)" [C:\Users\Usuario\Desktop\OneTake\petcenter\apps\backend\Api\Api.csproj]
C:\Program Files\dotnet\sdk\10.0.300\Microsoft.Common.CurrentVersion.targets(5397,5): warning MSB3026: não foi possível copiar "C:\Users\Usuario\Desktop\OneTake\petcenter\apps\backend\Api\obj\Debug\net10.0\apphost.exe" para "bin\Debug\net10.0\Api.exe". Iniciando nova tentativa 4 em 1000ms. The process cannot access the file 'C:\Users\Usuario\Desktop\OneTake\petcenter\apps\backend\Api\bin\Debug\net10.0\Api.exe' because it is being used by another process. O arquivo é bloqueado por: "Api (25040)" [C:\Users\Usuario\Desktop\OneTake\petcenter\apps\backend\Api\Api.csproj]
C:\Program Files\dotnet\sdk\10.0.300\Microsoft.Common.CurrentVersion.targets(5397,5): warning MSB3026: não foi possível copiar "C:\Users\Usuario\Desktop\OneTake\petcenter\apps\backend\Api\obj\Debug\net10.0\apphost.exe" para "bin\Debug\net10.0\Api.exe". Iniciando nova tentativa 5 em 1000ms. The process cannot access the file 'C:\Users\Usuario\Desktop\OneTake\petcenter\apps\backend\Api\bin\Debug\net10.0\Api.exe' because it is being used by another process. O arquivo é bloqueado por: "Api (25040)" [C:\Users\Usuario\Desktop\OneTake\petcenter\apps\backend\Api\Api.csproj]
C:\Program Files\dotnet\sdk\10.0.300\Microsoft.Common.CurrentVersion.targets(5397,5): warning MSB3026: não foi possível copiar "C:\Users\Usuario\Desktop\OneTake\petcenter\apps\backend\Api\obj\Debug\net10.0\apphost.exe" para "bin\Debug\net10.0\Api.exe". Iniciando nova tentativa 6 em 1000ms. The process cannot access the file 'C:\Users\Usuario\Desktop\OneTake\petcenter\apps\backend\Api\bin\Debug\net10.0\Api.exe' because it is being used by another process. O arquivo é bloqueado por: "Api (25040)" [C:\Users\Usuario\Desktop\OneTake\petcenter\apps\backend\Api\Api.csproj]
C:\Program Files\dotnet\sdk\10.0.300\Microsoft.Common.CurrentVersion.targets(5397,5): warning MSB3026: não foi possível copiar "C:\Users\Usuario\Desktop\OneTake\petcenter\apps\backend\Api\obj\Debug\net10.0\apphost.exe" para "bin\Debug\net10.0\Api.exe". Iniciando nova tentativa 7 em 1000ms. The process cannot access the file 'C:\Users\Usuario\Desktop\OneTake\petcenter\apps\backend\Api\bin\Debug\net10.0\Api.exe' because it is being used by another process. O arquivo é bloqueado por: "Api (25040)" [C:\Users\Usuario\Desktop\OneTake\petcenter\apps\backend\Api\Api.csproj]
C:\Program Files\dotnet\sdk\10.0.300\Microsoft.Common.CurrentVersion.targets(5397,5): warning MSB3026: não foi possível copiar "C:\Users\Usuario\Desktop\OneTake\petcenter\apps\backend\Api\obj\Debug\net10.0\apphost.exe" para "bin\Debug\net10.0\Api.exe". Iniciando nova tentativa 8 em 1000ms. The process cannot access the file 'C:\Users\Usuario\Desktop\OneTake\petcenter\apps\backend\Api\bin\Debug\net10.0\Api.exe' because it is being used by another process. O arquivo é bloqueado por: "Api (25040)" [C:\Users\Usuario\Desktop\OneTake\petcenter\apps\backend\Api\Api.csproj]
C:\Program Files\dotnet\sdk\10.0.300\Microsoft.Common.CurrentVersion.targets(5397,5): warning MSB3026: não foi possível copiar "C:\Users\Usuario\Desktop\OneTake\petcenter\apps\backend\Api\obj\Debug\net10.0\apphost.exe" para "bin\Debug\net10.0\Api.exe". Iniciando nova tentativa 9 em 1000ms. The process cannot access the file 'C:\Users\Usuario\Desktop\OneTake\petcenter\apps\backend\Api\bin\Debug\net10.0\Api.exe' because it is being used by another process. O arquivo é bloqueado por: "Api (25040)" [C:\Users\Usuario\Desktop\OneTake\petcenter\apps\backend\Api\Api.csproj]
C:\Program Files\dotnet\sdk\10.0.300\Microsoft.Common.CurrentVersion.targets(5397,5): warning MSB3026: não foi possível copiar "C:\Users\Usuario\Desktop\OneTake\petcenter\apps\backend\Api\obj\Debug\net10.0\apphost.exe" para "bin\Debug\net10.0\Api.exe". Iniciando nova tentativa 10 em 1000ms. The process cannot access the file 'C:\Users\Usuario\Desktop\OneTake\petcenter\apps\backend\Api\bin\Debug\net10.0\Api.exe' because it is being used by another process. O arquivo é bloqueado por: "Api (25040)" [C:\Users\Usuario\Desktop\OneTake\petcenter\apps\backend\Api\Api.csproj]
C:\Program Files\dotnet\sdk\10.0.300\Microsoft.Common.CurrentVersion.targets(5397,5): error MSB3027: não foi possível copiar "C:\Users\Usuario\Desktop\OneTake\petcenter\apps\backend\Api\obj\Debug\net10.0\apphost.exe" para "bin\Debug\net10.0\Api.exe". Número de novas tentativas 10 excedido. Falha. O arquivo é bloqueado por: "Api (25040)" [C:\Users\Usuario\Desktop\OneTake\petcenter\apps\backend\Api\Api.csproj]
C:\Program Files\dotnet\sdk\10.0.300\Microsoft.Common.CurrentVersion.targets(5397,5): error MSB3021: Não é possível copiar o arquivo "C:\Users\Usuario\Desktop\OneTake\petcenter\apps\backend\Api\obj\Debug\net10.0\apphost.exe" para "bin\Debug\net10.0\Api.exe". The process cannot access the file 'C:\Users\Usuario\Desktop\OneTake\petcenter\apps\backend\Api\bin\Debug\net10.0\Api.exe' because it is being used by another process. [C:\Users\Usuario\Desktop\OneTake\petcenter\apps\backend\Api\Api.csproj]
    10 Aviso(s)
    2 Erro(s)

Tempo Decorrido 00:00:12.08
